type Props
interface Theme
  property accent
variable defaultTheme
  property accent
function List
  variable selected
  variable setSelected
  function useEffect
    variable timer
      function setInterval
        function setSelected
  function handleClick
  function items.map
variable Header
  variable upper
class Store
  property items
  method add
  property size
variable default
