key name
key on
  key push
    key branches
  key pull_request
key env
  key "QUOTED KEY"
  key 'single'
  key flow
    key a
    key b
key jobs
  key build
    key runs-on
    key steps
      key uses
      key name
      key run
  key lint
    key anchors
      key timeout
    key <<
key second
key complex key
