variable DEFAULT_TIMEOUT
variable retries
variable verbose
variable host
variable listenPort
type Handler
interface Options
  property timeout
  method onError
enum Level
  enumMember Debug
  enumMember Info
module Internal.Util
  function clamp
module "virtual:config"
  variable value
class Service
  property instances
  property #secret
  property handlers
  property onReady
    variable at
  constructor constructor
    property name
    property level
  property label
  method stop
  method start
    variable started
    variable attempt
    variable delay
    function log
function loadConfig
  property host
  property port
  property "base-path"
  property [Symbol.iterator]
  method resolve
function ids
function wait
class default
  method run
function describe "Service"
  function it "starts"
    variable service
variable routes
  method home
  property user
    property profile
