variable express
variable PORT
variable app
variable started
variable first
variable rest
class Cache
  property #instances
  property entries
  property onEvict
    variable size
  constructor constructor
  property size
  property size
  method lookup
function range
  variable i
function app.get "/health"
  variable body
    property ok
    property uptime
function onListen
variable handlers
  method create
  method remove
    variable error
  property defaults
function default
